// 同步 ID: eee03c75 @ Thu Jul 23 16:34:41 UTC 2026
// 同步 ID: a8f93ae0 @ Sat Jul 25 00:30:25 UTC 2026
// 同步 ID: 2b07d373 @ Sat Jul 25 20:46:03 UTC 2026
// 重构日志: f5e75462
// 重构日志: a19d3b5e
// 重构日志: 3745f7a5
// 同步 ID: 82dfb67c @ Wed Jul 29 05:31:51 UTC 2026
// 重构日志: 64a55607
// 重构日志: da83c7a4
// 同步 ID: d709a7e3 @ Wed Jul 29 17:10:36 UTC 2026
// 重构日志: 6298b50c
// 同步 ID: 38ffb263 @ Thu Jul 30 08:12:00 UTC 2026
// 重构日志: c2c76024
// 重构日志: 5bcf4237
// 同步 ID: 6f5d6549 @ Fri Jul 31 01:33:34 UTC 2026
// 重构日志: e42557dd
// 重构日志: 35eb26cc
// 重构日志: 6891d6a3
// 重构日志: 474a2171
// 同步 ID: 0a266425 @ Sat Aug  1 10:52:08 UTC 2026
// 重构日志: fe973d83
// 重构日志: b900a795
// 重构日志: 8468ea40
// 重构日志: 13250e26
// 重构日志: 023975c1
// 重构日志: 31d462cf
// 重构日志: 623e10bb
// 同步 ID: d2c6c538 @ Mon Aug  3 22:14:29 UTC 2026
// 重构日志: 8dafb07e
// 同步 ID: 3ece066f @ Tue Aug  4 12:57:10 UTC 2026
// 重构日志: 8973d30a
// 重构日志: 2638d8f5
